HI-TECH Software C Compiler 

Linker command line:

--edf=C:\Program Files (x86)\HI-TECH Software\PICC\9.80\dat\en_msgs.txt -cs \
  -h+RationCard.sym -z -Q16F887 -ol.obj -MRationCard.map -E1 \
  -ACONST=00h-0FFhx32 -ACODE=00h-07FFhx4 -ASTRCODE=00h-01FFFh \
  -AENTRY=00h-0FFhx32 -ASTRING=00h-0FFhx32 -ABANK0=020h-06Fh \
  -ABANK1=0A0h-0EFh -ABANK2=0110h-016Fh -ABANK3=0190h-01EFh \
  -ARAM=020h-06Fh,0A0h-0EFh,0110h-016Fh,0190h-01EFh \
  -AABS1=020h-07Fh,0A0h-0EFh,0110h-016Fh,0190h-01EFh -ACOMMON=070h-07Fh \
  -ASFR0=00h-01Fh -ASFR1=080h-09Fh -ASFR2=0100h-010Fh -ASFR3=0180h-018Fh \
  -preset_vec=00h,intentry=04h,init,end_init -ppowerup=CODE -pfunctab=CODE \
  -ACONFIG=02007h-02008h -pconfig=CONFIG -DCONFIG=2 -AIDLOC=02000h-02003h \
  -pidloc=IDLOC -DIDLOC=2 -AEEDATA=00h-0FFh/02100h -peeprom_data=EEDATA \
  -DEEDATA=2 -DCODE=2 -DSTRCODE=2 -DSTRING=2 -DCONST=2 -DENTRY=2 -k \
  startup.obj RationCard.obj 

Object code version is 3.10

Machine type is 16F887



                Name                               Link     Load   Length Selector   Space Scale
startup.obj     end_init                              E        E        3        8       0
                reset_vec                             0        0        3        0       0
RationCard.obj  intentry                              4        4        A        8       0
                eeprom_data                           0     2100       20     4200       2
                config                             2007     2007        1     400E       0
                text1215                            D0B      D0B       39     1A16       0
                text1209                            C2E      C2E       10     185C       0
                text1208                            C4F      C4F       1E     189E       0
                text1207                            C6D      C6D       1F     18DA       0
                text1206                            CD5      CD5       36     19AA       0
                text1196                            C20      C20        E     1840       0
                text1191                            D44      D44       F2     1A88       0
                text1187                            7BC      7BC       42        8       0
                text1182                             11       11      3D7        8       0
                text1180                            E36      E36      1CA     1C6C       0
                maintext                            3E8      3E8      3D4        8       0
                cstackBANK0                          53       53       16       20       1
                cstackCOMMON                         70       70        6       70       1
                inittext                            C3E      C3E       11     187C       0
                clrtext                             C18      C18        8     1830       0
                dataBANK1                            A0       A0       27       A0       1
                bssBANK1                             C7       C7       14       A0       1
                bssBANK0                             20       20       33       20       1
                bssCOMMON                            77       77        1       70       1
                bitbssCOMMON                        3B0       76        2       70       1     8
                cinit                               C8C      C8C       22     1918       0
                stringtext                         1000     1000      279       20       0
                idataBANK1                          CAE      CAE       27     195C       0

TOTAL           Name                               Link     Load   Length     Space
        CLASS   CONST          

        CLASS   CODE           
                end_init                              E        E        3         0
                intentry                              4        4        A         0
                reset_vec                             0        0        3         0
                text1215                            D0B      D0B       39         0
                text1209                            C2E      C2E       10         0
                text1208                            C4F      C4F       1E         0
                text1207                            C6D      C6D       1F         0
                text1206                            CD5      CD5       36         0
                text1196                            C20      C20        E         0
                text1191                            D44      D44       F2         0
                text1187                            7BC      7BC       42         0
                text1182                             11       11      3D7         0
                text1180                            E36      E36      1CA         0
                maintext                            3E8      3E8      3D4         0
                inittext                            C3E      C3E       11         0
                clrtext                             C18      C18        8         0
                cinit                               C8C      C8C       22         0
                idataBANK1                          CAE      CAE       27         0

        CLASS   STRCODE        
                stringtext                         1000     1000      279         0

        CLASS   ENTRY          

        CLASS   STRING         

        CLASS   BANK0          
                cstackBANK0                          53       53       16         1
                bssBANK0                             20       20       33         1

        CLASS   BANK1          
                dataBANK1                            A0       A0       27         1
                bssBANK1                             C7       C7       14         1

        CLASS   BANK2          

        CLASS   BANK3          

        CLASS   RAM            

        CLASS   ABS1           
                abs_s1                               7E       7E        2         1

        CLASS   COMMON         
                cstackCOMMON                         70       70        6         1
                bssCOMMON                            77       77        1         1
                bitbssCOMMON                        3B0       76        2         1

        CLASS   SFR0           

        CLASS   SFR1           

        CLASS   SFR2           

        CLASS   SFR3           

        CLASS   CONFIG         
                config                             2007     2007        1         0

        CLASS   IDLOC          

        CLASS   EEDATA         
                eeprom_data                           0     2100       20         2



SEGMENTS        Name                           Load    Length   Top    Selector   Space  Class     Delta

                reset_vec                      000000  000003  000003         0       0  CODE        2
                intentry                       000004  0007FA  0007FE         8       0  CODE        2
                bssBANK0                       000020  000049  000069        20       1  BANK0       1
                cstackCOMMON                   000070  000008  000078        70       1  COMMON      1
                dataBANK1                      0000A0  00003B  0000DB        A0       1  BANK1       1
                clrtext                        000C18  000008  000C20      1830       0  CODE        2
                text1196                       000C20  00000E  000C2E      1840       0  CODE        2
                text1209                       000C2E  000010  000C3E      185C       0  CODE        2
                inittext                       000C3E  000011  000C4F      187C       0  CODE        2
                text1208                       000C4F  00001E  000C6D      189E       0  CODE        2
                text1207                       000C6D  00001F  000C8C      18DA       0  CODE        2
                cinit                          000C8C  000022  000CAE      1918       0  CODE        2
                idataBANK1                     000CAE  000027  000CD5      195C       0  CODE        2
                text1206                       000CD5  000036  000D0B      19AA       0  CODE        2
                text1215                       000D0B  000039  000D44      1A16       0  CODE        2
                text1191                       000D44  0000F2  000E36      1A88       0  CODE        2
                text1180                       000E36  0001CA  001000      1C6C       0  CODE        2
                stringtext                     001000  000279  001279        20       0  STRCODE     2
                config                         002007  000001  002008      400E       0  CONFIG      2
                eeprom_data                    002100  000020  002120      4200       2  EEDATA      2


UNUSED ADDRESS RANGES

        Name                Unused          Largest block    Delta
        BANK0            00069-0006F               7           1
        BANK1            000DB-000EF              15           1
        BANK2            00110-0016F              60           1
        BANK3            00190-001EF              60           1
        CODE             00003-00003               1           2
                         007FE-00C17               2
                         01279-01FFF             587
        COMMON           00078-0007D               6           1
        CONFIG           02008-02008               1           2
        CONST            00003-00003               1           2
                         007FE-00C17             100
                         01279-01FFF             100
        EEDATA           02120-021FF              E0           2
        ENTRY            00003-00003               1           2
                         007FE-00C17             100
                         01279-01FFF             100
        IDLOC            02000-02003               4           2
        RAM              00069-0006F               7           1
                         000DB-000EF              15
                         00110-0016F              60
                         00190-001EF              60
        SFR0             00000-0001F              20           1
        SFR1             00080-0009F              20           1
        SFR2             00100-0010F              10           1
        SFR3             00180-0018F              10           1
        STRCODE          00003-00003               1           2
                         007FE-00C17             41A
                         01279-01FFF             D87
        STRING           00003-00003               1           2
                         007FE-00C17             100
                         01279-01FFF             100

                                  Symbol Table

??_DelayMs                  cstackCOMMON 00076
??_DelayS                   cstackCOMMON 00076
??_DisplayAmnt              cstackCOMMON 00076
??_DisplayKerosene          cstackCOMMON 00076
??_DisplayRise              cstackCOMMON 00076
??_DisplayStock             cstackCOMMON 00076
??_DisplaySugar             cstackCOMMON 00076
??_ISR                      cstackCOMMON 00073
??_LoadStockToArray         cstackCOMMON 00076
??_RFID_read                cstackCOMMON 00076
??_ReadAmnt                 cstackCOMMON 00076
??_ReadStock                cstackCOMMON 00076
??_SendStock                cstackCOMMON 00076
??_SoftWareUart_Init        cstackBANK0  00053
??___awdiv                  cstackCOMMON 00076
??___awmod                  cstackCOMMON 00076
??___lbdiv                  cstackCOMMON 00076
??___lbmod                  cstackBANK0  00054
??___lwdiv                  cstackCOMMON 00076
??___lwmod                  cstackCOMMON 00076
??___wmul                   cstackCOMMON 00076
??_eeprom_read              cstackBANK0  00053
??_eeprom_write             cstackCOMMON 00076
??_enable                   cstackBANK0  00053
??_gsm_init                 cstackCOMMON 00076
??_gsm_read_line2           cstackCOMMON 00070
??_lcd_init                 cstackBANK0  00058
??_lcdcmd                   cstackCOMMON 00076
??_lcddata                  cstackCOMMON 00076
??_lcdport                  cstackCOMMON 00076
??_lcdstring                cstackCOMMON 00076
??_main                     cstackBANK0  00066
??_memcmp                   cstackBANK0  00058
??_paramter                 cstackCOMMON 00076
??_receive                  cstackCOMMON 00076
??_softreceive              cstackBANK0  00053
??_startup                  cstackBANK0  0005A
??_strcmp                   cstackBANK0  00055
??_transmit                 cstackCOMMON 00076
??_uart_init                cstackCOMMON 00076
??_usartstring              cstackCOMMON 00076
??i1_receive                cstackCOMMON 00070
?_DelayMs                   cstackCOMMON 00070
?_DelayS                    cstackCOMMON 00070
?_DisplayAmnt               cstackBANK0  00061
?_DisplayKerosene           cstackBANK0  00058
?_DisplayRise               cstackBANK0  00058
?_DisplayStock              cstackCOMMON 00070
?_DisplaySugar              cstackBANK0  00058
?_ISR                       cstackCOMMON 00070
?_LoadStockToArray          cstackCOMMON 00070
?_RFID_read                 cstackCOMMON 00070
?_ReadAmnt                  cstackCOMMON 00070
?_ReadStock                 cstackCOMMON 00070
?_SendStock                 cstackCOMMON 00070
?_SoftWareUart_Init         cstackCOMMON 00070
?___awdiv                   cstackBANK0  00059
?___awmod                   cstackBANK0  00053
?___lbdiv                   cstackBANK0  00053
?___lbmod                   cstackBANK0  00053
?___lwdiv                   cstackBANK0  00058
?___lwmod                   cstackBANK0  00053
?___wmul                    cstackBANK0  00056
?_eeprom_read               cstackCOMMON 00070
?_eeprom_write              cstackBANK0  00061
?_enable                    cstackCOMMON 00070
?_gsm_init                  cstackCOMMON 00070
?_gsm_read_line2            cstackCOMMON 00070
?_lcd_init                  cstackCOMMON 00070
?_lcdcmd                    cstackCOMMON 00070
?_lcddata                   cstackCOMMON 00070
?_lcdport                   cstackCOMMON 00070
?_lcdstring                 cstackBANK0  00058
?_main                      cstackCOMMON 00070
?_memcmp                    cstackBANK0  00053
?_paramter                  cstackCOMMON 00070
?_receive                   cstackCOMMON 00070
?_softreceive               cstackCOMMON 00070
?_startup                   cstackCOMMON 00070
?_strcmp                    cstackBANK0  00053
?_transmit                  cstackCOMMON 00070
?_uart_init                 cstackCOMMON 00070
?_usartstring               cstackBANK0  00054
?i1_receive                 cstackCOMMON 00070
DelayMs@cnt                 cstackBANK0  00053
DelayMs@i                   cstackBANK0  00054
DelayS@cnt                  cstackBANK0  00055
DelayS@i                    cstackBANK0  00056
DisplayAmnt@Amnt            cstackBANK0  00061
DisplayAmnt@Location        cstackBANK0  00063
DisplayKerosene@Kerosene    cstackBANK0  00058
DisplayKerosene@Location    cstackBANK0  00059
DisplayRise@Location        cstackBANK0  00059
DisplayRise@Rise            cstackBANK0  00058
DisplaySugar@Location       cstackBANK0  00059
DisplaySugar@Sugar          cstackBANK0  00058
RFID_read@i                 cstackBANK0  00056
_ANSEL                      (abs)        00188
_ANSELH                     (abs)        00189
_CARRY                      (abs)        00018
_CREN                       (abs)        000C4
_DelayMs                    text1182     003A8
_DelayS                     text1182     0039A
_DisplayAmnt                text1182     00275
_DisplayAmnt$1127           cstackBANK0  00064
_DisplayKerosene            text1180     00E36
_DisplayRise                text1180     00E5E
_DisplayStock               text1182     00037
_DisplaySugar               text1182     00011
_EEADR                      (abs)        0010D
_EECON1                     (abs)        0018C
_EECON2                     (abs)        0018D
_EEDATA                     (abs)        0010C
_GIE                        (abs)        0005F
_INTCON                     (abs)        0000B
_ISR                        text1215     00D0B
_KeroseneArray              bssBANK0     0004B
_KeroseneStock              bssBANK0     00020
_LoadStockToArray           text1180     00EA0
_LoadStockToArray$1128      cstackBANK0  0005F
_OERR                       (abs)        000C1
_PIE1                       (abs)        0008C
_PORTC                      (abs)        00007
_PORTD                      (abs)        00008
_RC0                        (abs)        00038
_RC1                        (abs)        00039
_RCIF                       (abs)        00065
_RCREG                      (abs)        0001A
_RCSTA                      (abs)        00018
_RD                         (abs)        00C60
_RD0                        (abs)        00040
_RD1                        (abs)        00041
_RD2                        (abs)        00042
_RD3                        (abs)        00043
_RD4                        (abs)        00044
_RD5                        (abs)        00045
_RD6                        (abs)        00046
_RD7                        (abs)        00047
_RFID_read                  text1187     007BC
_ReadAmnt                   text1191     00D81
_ReadStock                  text1191     00D5E
_RiseArray                  bssBANK0     00046
_RiseStock                  bssBANK0     00022
_SPBRG                      (abs)        00099
_SendStock                  text1182     00079
_SoftWareUart_Init          text1196     00C20
_SugarArray                 bssBANK0     0004F
_SugarStock                 bssBANK0     00024
_TRISC                      (abs)        00087
_TRISD                      (abs)        00088
_TRISD0                     (abs)        00440
_TRISD1                     (abs)        00441
_TXIF                       (abs)        00064
_TXREG                      (abs)        00019
_TXSTA                      (abs)        00098
_User                       bssBANK0     00026
_User1                      dataBANK1    000A0
_User1Kerosene              bssBANK0     0002E
_User1Rise                  bssBANK0     0002F
_User1Sugar                 bssBANK0     00030
_User1amt                   bssBANK0     00028
_User2                      dataBANK1    000AD
_User2Kerosene              bssBANK0     00031
_User2Rise                  bssBANK0     00032
_User2Sugar                 bssBANK0     00033
_User2amt                   bssBANK0     0002A
_User3                      dataBANK1    000BA
_User3Kerosene              bssBANK0     00034
_User3Rise                  bssBANK0     00035
_User3Sugar                 bssBANK0     00036
_User3amt                   bssBANK0     0002C
_WR                         (abs)        00C61
_WREN                       (abs)        00C62
__Babs1                     abs1         04240
__Bbank0                    bank0        04240
__Bbank1                    bank1        04240
__Bbank2                    bank2        04240
__Bbank3                    bank3        04240
__BbitbssCOMMON             bitbssCOMMON 04240
__BbssBANK0                 bssBANK0     04240
__BbssBANK1                 bssBANK1     04240
__BbssCOMMON                bssCOMMON    04240
__Bcinit                    cinit        04240
__Bclrtext                  clrtext      04240
__Bcode                     code         04240
__Bcommon                   common       04240
__BcstackBANK0              cstackBANK0  04240
__BcstackCOMMON             cstackCOMMON 04240
__BdataBANK1                dataBANK1    04240
__Beeprom_data              eeprom_data  02100
__Binittext                 inittext     04240
__Bmaintext                 maintext     04240
__Bpa_nodes                 pa_nodes     04240
__Bram                      ram          04240
__Bsfr0                     sfr0         04240
__Bsfr1                     sfr1         04240
__Bsfr2                     sfr2         04240
__Bsfr3                     sfr3         04240
__Bstrings                  strings      04240
__Btext                     text         04240
__Habs1                     abs1         00040
__Hbank0                    bank0        00040
__Hbank1                    bank1        00040
__Hbank2                    bank2        00040
__Hbank3                    bank3        00040
__HbitbssCOMMON             bitbssCOMMON 21200
__HbssBANK0                 bssBANK0     00040
__HbssBANK1                 bssBANK1     00040
__HbssCOMMON                bssCOMMON    00040
__Hcinit                    cinit        00040
__Hclrtext                  clrtext      00040
__Hcode                     code         00040
__Hcommon                   common       00040
__Hconfig                   config       02008
__HcstackBANK0              cstackBANK0  00040
__HcstackCOMMON             cstackCOMMON 00040
__HdataBANK1                dataBANK1    00040
__Heeprom_data              eeprom_data  00020
__Hend_init                 end_init     00011
__Hfunctab                  functab      00000
__HidataBANK1               idataBANK1   04240
__Hidloc                    idloc        00000
__Hinit                     init         0000E
__Hinittext                 inittext     00040
__Hintentry                 intentry     0000E
__Hmaintext                 maintext     00040
__Hpa_nodes                 pa_nodes     00040
__Hpowerup                  powerup      00000
__Hram                      ram          00040
__Hreset_vec                reset_vec    00003
__Hsfr0                     sfr0         00040
__Hsfr1                     sfr1         00040
__Hsfr2                     sfr2         00040
__Hsfr3                     sfr3         00040
__Hstrings                  strings      00040
__Hstringtext               stringtext   04240
__Htext                     text         00040
__Labs1                     abs1         00040
__Lbank0                    bank0        00040
__Lbank1                    bank1        00040
__Lbank2                    bank2        00040
__Lbank3                    bank3        00040
__LbitbssCOMMON             bitbssCOMMON 21200
__LbssBANK0                 bssBANK0     00040
__LbssBANK1                 bssBANK1     00040
__LbssCOMMON                bssCOMMON    00040
__Lcinit                    cinit        00040
__Lclrtext                  clrtext      00040
__Lcode                     code         00040
__Lcommon                   common       00040
__Lconfig                   config       02007
__LcstackBANK0              cstackBANK0  00040
__LcstackCOMMON             cstackCOMMON 00040
__LdataBANK1                dataBANK1    00040
__Leeprom_data              eeprom_data  00000
__Lend_init                 end_init     0000E
__Lfunctab                  functab      00000
__LidataBANK1               idataBANK1   04240
__Lidloc                    idloc        00000
__Linit                     init         0000E
__Linittext                 inittext     00040
__Lintentry                 intentry     00004
__Lmaintext                 maintext     00040
__Lpa_nodes                 pa_nodes     00040
__Lpowerup                  powerup      00000
__Lram                      ram          00040
__Lreset_vec                reset_vec    00000
__Lsfr0                     sfr0         00040
__Lsfr1                     sfr1         00040
__Lsfr2                     sfr2         00040
__Lsfr3                     sfr3         00040
__Lstrings                  strings      00040
__Lstringtext               stringtext   04240
__Ltext                     text         00040
__S0                        (abs)        02008
__S1                        (abs)        000DB
__S2                        (abs)        02120
___awdiv                    text1182     00348
___awdiv@counter            cstackBANK0  0005D
___awdiv@dividend           cstackBANK0  0005B
___awdiv@divisor            cstackBANK0  00059
___awdiv@quotient           cstackBANK0  0005F
___awdiv@sign               cstackBANK0  0005E
___awmod                    text1182     002F2
___awmod@counter            cstackBANK0  00057
___awmod@dividend           cstackBANK0  00055
___awmod@divisor            cstackBANK0  00053
___awmod@sign               cstackBANK0  00058
___lbdiv                    text1182     003B9
___lbdiv@counter            cstackBANK0  00055
___lbdiv@dividend           cstackBANK0  00054
___lbdiv@divisor            cstackBANK0  00053
___lbdiv@quotient           cstackBANK0  00056
___lbmod                    text1180     00E84
___lbmod@counter            cstackBANK0  00056
___lbmod@dividend           cstackBANK0  00055
___lbmod@divisor            cstackBANK0  00053
___lbmod@rem                cstackBANK0  00057
___lwdiv                    text1180     00FA2
___lwdiv@counter            cstackBANK0  0005E
___lwdiv@dividend           cstackBANK0  0005A
___lwdiv@divisor            cstackBANK0  00058
___lwdiv@quotient           cstackBANK0  0005C
___lwmod                    text1180     00F7E
___lwmod@counter            cstackBANK0  00057
___lwmod@dividend           cstackBANK0  00055
___lwmod@divisor            cstackBANK0  00053
___wmul                     text1191     00E16
___wmul@multiplicand        cstackBANK0  00058
___wmul@multiplier          cstackBANK0  00056
___wmul@product             cstackBANK0  0005A
__end_of_DelayMs            text1182     003B9
__end_of_DelayS             text1182     003A8
__end_of_DisplayAmnt        text1182     002F2
__end_of_DisplayKerosene    text1180     00E5E
__end_of_DisplayRise        text1180     00E84
__end_of_DisplayStock       text1182     00079
__end_of_DisplaySugar       text1182     00037
__end_of_ISR                text1215     00D1B
__end_of_LoadStockToArray   text1180     00F7E
__end_of_RFID_read          text1187     007DA
__end_of_ReadAmnt           text1191     00DF8
__end_of_ReadStock          text1191     00D81
__end_of_SendStock          text1182     000E2
__end_of_SoftWareUart_Init  text1196     00C2E
__end_of___awdiv            text1182     0038D
__end_of___awmod            text1182     0032F
__end_of___lbdiv            text1182     003D4
__end_of___lbmod            text1180     00EA0
__end_of___lwdiv            text1180     00FCC
__end_of___lwmod            text1180     00FA2
__end_of___wmul             text1191     00E2F
__end_of_eeprom_read        text1191     00E16
__end_of_eeprom_write       text1207     00C8C
__end_of_enable             text1182     0039A
__end_of_gsm_init           text1182     00182
__end_of_gsm_read_line2     text1215     00D3C
__end_of_lcd_init           text1182     0022C
__end_of_lcdcmd             text1182     00243
__end_of_lcddata            text1182     00348
__end_of_lcdport            text1182     00275
__end_of_lcdstring          text1182     0025F
__end_of_main               maintext     007BC
__end_of_memcmp             text1206     00D0B
__end_of_paramter           text1191     00D5E
__end_of_receive            text1182     0018B
__end_of_softreceive        text1187     007FB
__end_of_startup            text1182     001E7
__end_of_strcmp             text1208     00C6D
__end_of_transmit           text1182     00191
__end_of_uart_init          text1209     00C3E
__end_of_usartstring        text1182     000FE
__end_ofi1_receive          text1215     00D44
__pbitbssCOMMON             bitbssCOMMON 003B0
__pbssBANK0                 bssBANK0     00020
__pbssBANK1                 bssBANK1     000C7
__pbssCOMMON                bssCOMMON    00077
__pcstackBANK0              cstackBANK0  00053
__pcstackCOMMON             cstackCOMMON 00070
__pdataBANK1                dataBANK1    000A0
__pidataBANK1               idataBANK1   00CAE
__pintentry                 intentry     00004
__pmaintext                 maintext     003E8
__pstringtext               stringtext   01000
__ptext1177                 text1182     00191
__ptext1178                 text1182     00037
__ptext1179                 text1182     000FE
__ptext1180                 text1180     00E36
__ptext1181                 text1180     00E5E
__ptext1182                 text1182     00011
__ptext1183                 text1182     00275
__ptext1184                 text1182     00243
__ptext1185                 text1182     001E7
__ptext1186                 text1182     00079
__ptext1187                 text1187     007BC
__ptext1188                 text1182     0032F
__ptext1189                 text1182     0022C
__ptext1190                 text1180     00EA0
__ptext1191                 text1191     00D44
__ptext1192                 text1191     00D5E
__ptext1193                 text1191     00D81
__ptext1194                 text1182     000E2
__ptext1195                 text1187     007DA
__ptext1196                 text1196     00C20
__ptext1197                 text1182     0038D
__ptext1198                 text1182     0039A
__ptext1199                 text1182     002F2
__ptext1200                 text1182     00348
__ptext1201                 text1180     00E84
__ptext1202                 text1182     003B9
__ptext1203                 text1180     00F7E
__ptext1204                 text1180     00FA2
__ptext1205                 text1191     00E16
__ptext1206                 text1206     00CD5
__ptext1207                 text1207     00C6D
__ptext1208                 text1208     00C4F
__ptext1209                 text1209     00C2E
__ptext1210                 text1191     00DF8
__ptext1211                 text1182     0018B
__ptext1212                 text1182     00182
__ptext1213                 text1182     0025F
__ptext1214                 text1182     003A8
__ptext1215                 text1215     00D0B
__ptext1216                 text1215     00D1B
__ptext1217                 text1215     00D3C
__ptext1218                 text1218     00000
__size_of_DelayMs           (abs)        00000
__size_of_DelayS            (abs)        00000
__size_of_DisplayAmnt       (abs)        00000
__size_of_DisplayKerosene   (abs)        00000
__size_of_DisplayRise       (abs)        00000
__size_of_DisplayStock      (abs)        00000
__size_of_DisplaySugar      (abs)        00000
__size_of_ISR               (abs)        00000
__size_of_LoadStockToArray  (abs)        00000
__size_of_RFID_read         (abs)        00000
__size_of_ReadAmnt          (abs)        00000
__size_of_ReadStock         (abs)        00000
__size_of_SendStock         (abs)        00000
__size_of_SoftWareUart_Init (abs)        00000
__size_of___awdiv           (abs)        00000
__size_of___awmod           (abs)        00000
__size_of___lbdiv           (abs)        00000
__size_of___lbmod           (abs)        00000
__size_of___lwdiv           (abs)        00000
__size_of___lwmod           (abs)        00000
__size_of___wmul            (abs)        00000
__size_of_eeprom_read       (abs)        00000
__size_of_eeprom_write      (abs)        00000
__size_of_enable            (abs)        00000
__size_of_gsm_init          (abs)        00000
__size_of_gsm_read_line2    (abs)        00000
__size_of_lcd_init          (abs)        00000
__size_of_lcdcmd            (abs)        00000
__size_of_lcddata           (abs)        00000
__size_of_lcdport           (abs)        00000
__size_of_lcdstring         (abs)        00000
__size_of_main              (abs)        00000
__size_of_memcmp            (abs)        00000
__size_of_paramter          (abs)        00000
__size_of_receive           (abs)        00000
__size_of_softreceive       (abs)        00000
__size_of_startup           (abs)        00000
__size_of_strcmp            (abs)        00000
__size_of_transmit          (abs)        00000
__size_of_uart_init         (abs)        00000
__size_of_usartstring       (abs)        00000
__size_ofi1_receive         (abs)        00000
_card_store                 bssBANK0     00037
_delayus_variable           bssCOMMON    00077
_digit                      stringtext   01012
_eeprom_read                text1191     00DF8
_eeprom_write               text1207     00C6D
_enable                     text1182     0038D
_exit                       init         0000E
_gsm_init                   text1182     000FE
_gsm_read_line2             text1215     00D1B
_lcd_init                   text1182     001E7
_lcdcmd                     text1182     0022C
_lcddata                    text1182     0032F
_lcdport                    text1182     0025F
_lcdstring                  text1182     00243
_main                       maintext     003E8
_memcmp                     text1206     00CD5
_paramter                   text1191     00D44
_receive                    text1182     00182
_rfid_flag                  bitbssCOMMON 003B0
_sms                        bssBANK1     000C7
_sms_indication             bitbssCOMMON 003B1
_softreceive                text1187     007DA
_startup                    text1182     00191
_strcmp                     text1208     00C4F
_transmit                   text1182     0018B
_uart_init                  text1209     00C2E
_usartstring                text1182     000E2
btemp                       (abs)        0007E
clear_ram                   clrtext      00C18
eeprom_read@addr            cstackBANK0  00055
eeprom_write@addr           cstackBANK0  00062
eeprom_write@value          cstackBANK0  00061
end_of_initialization       cinit        00CAA
gsm_read_line2@buffer       cstackCOMMON 00071
gsm_read_line2@flag         cstackCOMMON 00070
gsm_read_line2@rec_data     cstackCOMMON 00072
i1_receive                  text1215     00D3C
i1l1018                                       
i1l1103                                       
i1l3318                                       
i1l3322                                       
i1l3326                                       
i1l3330                                       
i1l3332                                       
i1l3338                                       
i1l3342                                       
i1l3582                                       
init_fetch                  inittext     00C3E
init_ram                    inittext     00C42
interrupt_function          intentry     00004
intlevel0                   functab      00000
intlevel1                   functab      00000
intlevel2                   functab      00000
intlevel3                   functab      00000
intlevel4                   functab      00000
intlevel5                   functab      00000
l1018                                         
l1024                                         
l1033                                         
l1051                                         
l1116                                         
l1119                                         
l1122                                         
l1125                                         
l1128                                         
l1131                                         
l1134                                         
l1137                                         
l1140                                         
l1143                                         
l1146                                         
l1155                                         
l1190                                         
l1209                                         
l1231                                         
l1243                                         
l1253                                         
l1263                                         
l1273                                         
l1279                                         
l1390                                         
l1458                                         
l3306                                         
l3348                                         
l3350                                         
l3364                                         
l3366                                         
l3368                                         
l3372                                         
l3374                                         
l3376                                         
l3378                                         
l3398                                         
l3406                                         
l3408                                         
l3414                                         
l3416                                         
l3426                                         
l3430                                         
l3434                                         
l3502                                         
l3504                                         
l3508                                         
l3514                                         
l3518                                         
l3528                                         
l3532                                         
l3536                                         
l3540                                         
l4216                                         
l4218                                         
l4220                                         
l4222                                         
l4224                                         
l4226                                         
l4228                                         
l4238                                         
l4246                                         
l4256                                         
l4272                                         
l4286                                         
l4292                                         
l4294                                         
l4296                                         
l4302                                         
l4306                                         
l4310                                         
l4316                                         
l4318                                         
l4322                                         
l4324                                         
l4330                                         
l4334                                         
l4336                                         
l4340                                         
l4360                                         
l4364                                         
l4370                                         
l4374                                         
l4376                                         
l4380                                         
l4382                                         
l4384                                         
l4386                                         
l4388                                         
l4392                                         
l4400                                         
l4406                                         
l4412                                         
l4416                                         
l4420                                         
l4422                                         
l4424                                         
l4426                                         
l4428                                         
l4430                                         
l4432                                         
l4434                                         
l4436                                         
l4438                                         
l4440                                         
l4442                                         
l4444                                         
l4446                                         
l4448                                         
l4450                                         
l4452                                         
l4454                                         
l4456                                         
l4458                                         
l4460                                         
l4462                                         
l4464                                         
l4466                                         
l4468                                         
l4470                                         
l4472                                         
l4474                                         
l4476                                         
l4486                                         
l4488                                         
l4490                                         
l4492                                         
l4494                                         
l4500                                         
l4502                                         
l4504                                         
l4506                                         
l4508                                         
l4510                                         
l4512                                         
l4514                                         
l4520                                         
l4522                                         
l4524                                         
l4526                                         
l4528                                         
l4530                                         
l4534                                         
l4538                                         
l4540                                         
l4542                                         
l4544                                         
l4546                                         
l4548                                         
l4550                                         
l4552                                         
l4554                                         
l4556                                         
l4558                                         
l4560                                         
l4562                                         
l4564                                         
l4566                                         
l4568                                         
l4570                                         
l4572                                         
l4574                                         
l4576                                         
l4582                                         
l4588                                         
l4594                                         
l4600                                         
l4606                                         
l4608                                         
l4610                                         
l4612                                         
l4614                                         
l4616                                         
l4618                                         
l4620                                         
l4622                                         
l4624                                         
l4626                                         
l4628                                         
l4630                                         
l4632                                         
l4634                                         
l4636                                         
l4638                                         
l4640                                         
l4642                                         
l4644                                         
l4646                                         
l4648                                         
l4650                                         
l4652                                         
l4654                                         
l4656                                         
l4658                                         
l4660                                         
l4662                                         
l4664                                         
l4666                                         
l4668                                         
l4672                                         
l4676                                         
l4678                                         
l4680                                         
l4682                                         
l4686                                         
l4688                                         
l4690                                         
l4710                                         
l4712                                         
l4714                                         
l4716                                         
l4718                                         
l4720                                         
l4722                                         
l4724                                         
l4726                                         
l4728                                         
l4730                                         
l4732                                         
l4734                                         
l4736                                         
l4738                                         
l4740                                         
l4742                                         
l4744                                         
l4746                                         
l4748                                         
l4750                                         
l4756                                         
l4758                                         
l4760                                         
l4762                                         
l4764                                         
l4766                                         
l4768                                         
l4770                                         
l4772                                         
l4774                                         
l4776                                         
l4778                                         
l4780                                         
l4782                                         
l4784                                         
l4786                                         
l4788                                         
l4790                                         
l4792                                         
l4794                                         
l4796                                         
l4802                                         
l4804                                         
l4806                                         
l4808                                         
l4810                                         
l4812                                         
l4814                                         
l4816                                         
l4818                                         
l4820                                         
l4822                                         
l4824                                         
l4826                                         
l4828                                         
l4830                                         
l4832                                         
l4834                                         
l4836                                         
l4838                                         
l4840                                         
l4842                                         
l4852                                         
l4854                                         
l4860                                         
l4866                                         
l925                                          
l927                                          
l946                                          
l948                                          
l951                                          
l965                                          
l968                                          
l974                                          
l980                                          
l989                                          
l998                                          
lcdcmd@a                    cstackBANK0  00057
lcdcmd@y                    cstackBANK0  00055
lcdcmd@z                    cstackBANK0  00056
lcddata@a                   cstackBANK0  00057
lcddata@y                   cstackBANK0  00055
lcddata@z                   cstackBANK0  00056
lcdport@a                   cstackBANK0  00053
lcdstring@a                 cstackBANK0  00058
memcmp@n                    cstackBANK0  00056
memcmp@s1                   cstackBANK0  00053
memcmp@s2                   cstackBANK0  00055
reset_vec                   reset_vec    00000
saved_w                     (abs)        0007E
softreceive@Data            cstackBANK0  00054
softreceive@mask            cstackBANK0  00055
start                       init         0000E
start_initialization        cinit        00C8C
strcmp@r                    cstackBANK0  00057
strcmp@s1                   cstackBANK0  00058
strcmp@s2                   cstackBANK0  00053
transmit@data               cstackBANK0  00053
usartstring@st              cstackBANK0  00054
wtemp0                      (abs)        0007E
