HI-TECH Software C Compiler 

Linker command line:

--edf=C:\Program Files (x86)\HI-TECH Software\PICC\9.80\dat\en_msgs.txt -cs \
  -h+RationCard.sym -z -Q16F887 -ol.obj -MRationCard.map -E1 \
  -ACONST=00h-0FFhx32 -ACODE=00h-07FFhx4 -ASTRCODE=00h-01FFFh \
  -AENTRY=00h-0FFhx32 -ASTRING=00h-0FFhx32 -ABANK0=020h-06Fh \
  -ABANK1=0A0h-0EFh -ABANK2=0110h-016Fh -ABANK3=0190h-01EFh \
  -ARAM=020h-06Fh,0A0h-0EFh,0110h-016Fh,0190h-01EFh \
  -AABS1=020h-07Fh,0A0h-0EFh,0110h-016Fh,0190h-01EFh -ACOMMON=070h-07Fh \
  -ASFR0=00h-01Fh -ASFR1=080h-09Fh -ASFR2=0100h-010Fh -ASFR3=0180h-018Fh \
  -preset_vec=00h,intentry=04h,init,end_init -ppowerup=CODE -pfunctab=CODE \
  -ACONFIG=02007h-02008h -pconfig=CONFIG -DCONFIG=2 -AIDLOC=02000h-02003h \
  -pidloc=IDLOC -DIDLOC=2 -AEEDATA=00h-0FFh/02100h -peeprom_data=EEDATA \
  -DEEDATA=2 -DCODE=2 -DSTRCODE=2 -DSTRING=2 -DCONST=2 -DENTRY=2 -k \
  startup.obj RationCard.obj 

Object code version is 3.10

Machine type is 16F887



                Name                               Link     Load   Length Selector   Space Scale
startup.obj     end_init                             12       12        3        8       0
                reset_vec                             0        0        3        0       0
RationCard.obj  intentry                              4        4        E        8       0
                eeprom_data                           0     2100       20     4200       2
                config                             2007     2007        1     400E       0
                text934                            139A     139A       12     2734       0
                text933                            1687     1687       46     2D0E       0
                text932                            13BE     13BE       19     277C       0
                text931                            13F1     13F1       20     27E2       0
                text930                            1431     1431       21     2862       0
                text929                            13AC     13AC       12     2758       0
                text928                            134D     134D        C     269A       0
                text927                            1452     1452       29     28A4       0
                text926                             802      802       16     1004       0
                text925                            147B     147B       2B     28F6       0
                text924                            158C     158C       3B     2B18       0
                text923                             915      915       56     122A       0
                text922                            14FE     14FE       2E     29FC       0
                text921                            175A     175A       52     2EB4       0
                text920                            16CD     16CD       46     2D9A       0
                text919                             B20      B20       7B     1640       0
                text918                             9CF      9CF       6C     139E       0
                text917                            1411     1411       20     2822       0
                text916                            1368     1368       10     26D0       0
                text915                            1378     1378       11     26F0       0
                text914                            1643     1643       44     2C86       0
                text913                            14A6     14A6       2C     294C       0
                text912                             C47      C47       E2     188E       0
                text911                            1713     1713       47     2E26       0
                text910                             8C0      8C0       55     1180       0
                text909                             E12      E12      1EE     1C24       0
                text908                            152C     152C       2E     2A58       0
                text907                            155A     155A       32     2AB4       0
                text906                            15C7     15C7       3D     2B8E       0
                text905                             B9B      B9B       AC     1736       0
                text904                             96B      96B       64     12D6       0
                text903                            14D2     14D2       2C     29A4       0
                text902                             70A      70A       F5        8       0
                text901                            17AC     17AC       54     2F58       0
                text900                             818      818       54     1030       0
                text899                             86C      86C       54     10D8       0
                text898                             D29      D29       E9     1A52       0
                text897                             A3B      A3B       6F     1476       0
                text896                             AAA      AAA       76     1554       0
                maintext                             15       15      6F5        8       0
                cstackBANK0                          48       48       18       20       1
                cstackCOMMON                         70       70        8       70       1
                inittext                           1389     1389       11     2712       0
                clrtext                            1345     1345        8     268A       0
                dataBANK1                            D2       D2       1A       A0       1
                bssBANK1                             A0       A0       32       A0       1
                dataBANK0                            60       60        F       20       1
                bssBANK0                             20       20       28       20       1
                dataCOMMON                           7C       7C        2       70       1
                bssCOMMON                            78       78        3       70       1
                bitbssCOMMON                        3D8       7B        2       70       1     8
                cinit                              1604     1604       3F     2C08       0
                stringtext                         1800     1800      2BA       30       0
                idataBANK1                         13D7     13D7       1A     27AE       0
                idataCOMMON                         800      800        2     1000       0
                idataBANK0                         1359     1359        F     26B2       0

TOTAL           Name                               Link     Load   Length     Space
        CLASS   CONST          

        CLASS   CODE           
                end_init                             12       12        3         0
                intentry                              4        4        E         0
                reset_vec                             0        0        3         0
                text934                            139A     139A       12         0
                text933                            1687     1687       46         0
                text932                            13BE     13BE       19         0
                text931                            13F1     13F1       20         0
                text930                            1431     1431       21         0
                text929                            13AC     13AC       12         0
                text928                            134D     134D        C         0
                text927                            1452     1452       29         0
                text926                             802      802       16         0
                text925                            147B     147B       2B         0
                text924                            158C     158C       3B         0
                text923                             915      915       56         0
                text922                            14FE     14FE       2E         0
                text921                            175A     175A       52         0
                text920                            16CD     16CD       46         0
                text919                             B20      B20       7B         0
                text918                             9CF      9CF       6C         0
                text917                            1411     1411       20         0
                text916                            1368     1368       10         0
                text915                            1378     1378       11         0
                text914                            1643     1643       44         0
                text913                            14A6     14A6       2C         0
                text912                             C47      C47       E2         0
                text911                            1713     1713       47         0
                text910                             8C0      8C0       55         0
                text909                             E12      E12      1EE         0
                text908                            152C     152C       2E         0
                text907                            155A     155A       32         0
                text906                            15C7     15C7       3D         0
                text905                             B9B      B9B       AC         0
                text904                             96B      96B       64         0
                text903                            14D2     14D2       2C         0
                text902                             70A      70A       F5         0
                text901                            17AC     17AC       54         0
                text900                             818      818       54         0
                text899                             86C      86C       54         0
                text898                             D29      D29       E9         0
                text897                             A3B      A3B       6F         0
                text896                             AAA      AAA       76         0
                maintext                             15       15      6F5         0
                inittext                           1389     1389       11         0
                clrtext                            1345     1345        8         0
                cinit                              1604     1604       3F         0
                idataBANK1                         13D7     13D7       1A         0
                idataCOMMON                         800      800        2         0
                idataBANK0                         1359     1359        F         0

        CLASS   STRCODE        
                stringtext                         1800     1800      2BA         0

        CLASS   ENTRY          

        CLASS   STRING         

        CLASS   BANK0          
                cstackBANK0                          48       48       18         1
                dataBANK0                            60       60        F         1
                bssBANK0                             20       20       28         1

        CLASS   BANK1          
                dataBANK1                            D2       D2       1A         1
                bssBANK1                             A0       A0       32         1

        CLASS   BANK2          

        CLASS   BANK3          

        CLASS   RAM            

        CLASS   ABS1           
                abs_s1                               7E       7E        2         1

        CLASS   COMMON         
                cstackCOMMON                         70       70        8         1
                dataCOMMON                           7C       7C        2         1
                bssCOMMON                            78       78        3         1
                bitbssCOMMON                        3D8       7B        2         1

        CLASS   SFR0           

        CLASS   SFR1           

        CLASS   SFR2           

        CLASS   SFR3           

        CLASS   CONFIG         
                config                             2007     2007        1         0

        CLASS   IDLOC          

        CLASS   EEDATA         
                eeprom_data                           0     2100       20         2



SEGMENTS        Name                           Load    Length   Top    Selector   Space  Class     Delta

                reset_vec                      000000  000003  000003         0       0  CODE        2
                intentry                       000004  0007FB  0007FF         8       0  CODE        2
                bssBANK0                       000020  00004F  00006F        20       1  BANK0       1
                cstackCOMMON                   000070  00000E  00007E        70       1  COMMON      1
                bssBANK1                       0000A0  00004C  0000EC        A0       1  BANK1       1
                idataCOMMON                    000800  000002  000802      1000       0  CODE        2
                text926                        000802  000016  000818      1004       0  CODE        2
                text900                        000818  000054  00086C      1030       0  CODE        2
                text899                        00086C  000054  0008C0      10D8       0  CODE        2
                text910                        0008C0  000055  000915      1180       0  CODE        2
                text923                        000915  000056  00096B      122A       0  CODE        2
                text904                        00096B  000064  0009CF      12D6       0  CODE        2
                text918                        0009CF  00006C  000A3B      139E       0  CODE        2
                text897                        000A3B  00006F  000AAA      1476       0  CODE        2
                text896                        000AAA  000076  000B20      1554       0  CODE        2
                text919                        000B20  00007B  000B9B      1640       0  CODE        2
                text905                        000B9B  0000AC  000C47      1736       0  CODE        2
                text912                        000C47  0000E2  000D29      188E       0  CODE        2
                text898                        000D29  0000E9  000E12      1A52       0  CODE        2
                text909                        000E12  0001EE  001000      1C24       0  CODE        2
                clrtext                        001345  000008  00134D      268A       0  CODE        2
                text928                        00134D  00000C  001359      269A       0  CODE        2
                idataBANK0                     001359  00000F  001368      26B2       0  CODE        2
                text916                        001368  000010  001378      26D0       0  CODE        2
                text915                        001378  000011  001389      26F0       0  CODE        2
                inittext                       001389  000011  00139A      2712       0  CODE        2
                text934                        00139A  000012  0013AC      2734       0  CODE        2
                text929                        0013AC  000012  0013BE      2758       0  CODE        2
                text932                        0013BE  000019  0013D7      277C       0  CODE        2
                idataBANK1                     0013D7  00001A  0013F1      27AE       0  CODE        2
                text931                        0013F1  000020  001411      27E2       0  CODE        2
                text917                        001411  000020  001431      2822       0  CODE        2
                text930                        001431  000021  001452      2862       0  CODE        2
                text927                        001452  000029  00147B      28A4       0  CODE        2
                text925                        00147B  00002B  0014A6      28F6       0  CODE        2
                text913                        0014A6  00002C  0014D2      294C       0  CODE        2
                text903                        0014D2  00002C  0014FE      29A4       0  CODE        2
                text922                        0014FE  00002E  00152C      29FC       0  CODE        2
                text908                        00152C  00002E  00155A      2A58       0  CODE        2
                text907                        00155A  000032  00158C      2AB4       0  CODE        2
                text924                        00158C  00003B  0015C7      2B18       0  CODE        2
                text906                        0015C7  00003D  001604      2B8E       0  CODE        2
                cinit                          001604  00003F  001643      2C08       0  CODE        2
                text914                        001643  000044  001687      2C86       0  CODE        2
                text933                        001687  000046  0016CD      2D0E       0  CODE        2
                text920                        0016CD  000046  001713      2D9A       0  CODE        2
                text911                        001713  000047  00175A      2E26       0  CODE        2
                text921                        00175A  000052  0017AC      2EB4       0  CODE        2
                text901                        0017AC  000054  001800      2F58       0  CODE        2
                stringtext                     001800  0002BA  001ABA        30       0  STRCODE     2
                config                         002007  000001  002008      400E       0  CONFIG      2
                eeprom_data                    002100  000020  002120      4200       2  EEDATA      2


UNUSED ADDRESS RANGES

        Name                Unused          Largest block    Delta
        BANK0            0006F-0006F               1           1
        BANK1            000EC-000EF               4           1
        BANK2            00110-0016F              60           1
        BANK3            00190-001EF              60           1
        CODE             00003-00003               1           2
                         007FF-007FF               1
                         01000-01344             345
                         01ABA-01FFF             546
        CONFIG           02008-02008               1           2
        CONST            00003-00003               1           2
                         007FF-007FF               1
                         01000-01344             100
                         01ABA-01FFF             100
        EEDATA           02120-021FF              E0           2
        ENTRY            00003-00003               1           2
                         007FF-007FF               1
                         01000-01344             100
                         01ABA-01FFF             100
        IDLOC            02000-02003               4           2
        RAM              0006F-0006F               1           1
                         000EC-000EF               4
                         00110-0016F              60
                         00190-001EF              60
        SFR0             00000-0001F              20           1
        SFR1             00080-0009F              20           1
        SFR2             00100-0010F              10           1
        SFR3             00180-0018F              10           1
        STRCODE          00003-00003               1           2
                         007FF-007FF               1
                         01000-01344             345
                         01ABA-01FFF             546
        STRING           00003-00003               1           2
                         007FF-007FF               1
                         01000-01344             100
                         01ABA-01FFF             100

                                  Symbol Table

??_DelayMs                  cstackBANK0  00048
??_DelayS                   cstackBANK0  0004B
??_DisplayAmnt              cstackBANK0  0005A
??_DisplayKerosene          cstackBANK0  00059
??_DisplayRise              cstackBANK0  00059
??_DisplayStock             cstackBANK0  0005D
??_DisplaySugar             cstackBANK0  00059
??_ISR                      cstackCOMMON 00074
??_LoadStockToArray         cstackBANK0  00056
??_RFID_read                cstackBANK0  0004C
??_ReadAmnt                 cstackBANK0  00052
??_ReadStock                cstackBANK0  00052
??_SendStock                cstackBANK0  0004B
??_SoftWareUart_Init        cstackBANK0  00048
??___awdiv                  cstackBANK0  00053
??___awmod                  cstackBANK0  0004C
??___lwdiv                  cstackBANK0  00052
??___lwmod                  cstackBANK0  0004C
??___wmul                   cstackBANK0  00050
??_eeprom_read              cstackBANK0  00048
??_eeprom_write             cstackBANK0  00059
??_enable                   cstackBANK0  00048
??_gsm_init                 cstackBANK0  00051
??_gsm_read_line2           cstackCOMMON 00070
??_lcd_init                 cstackBANK0  0004F
??_lcdcmd                   cstackBANK0  0004A
??_lcddata                  cstackBANK0  0004A
??_lcdport                  cstackBANK0  00048
??_lcdstring                cstackBANK0  00051
??_main                     cstackBANK0  0005D
??_memcmp                   cstackBANK0  0004D
??_paramter                 cstackBANK0  00052
??_receive                  cstackBANK0  00048
??_softreceive              cstackBANK0  00048
??_startup                  cstackBANK0  00051
??_strcmp                   cstackBANK0  0004A
??_transmit                 cstackBANK0  00048
??_uart_init                cstackBANK0  00048
??_usartstring              cstackBANK0  0004B
??i1_receive                cstackCOMMON 00070
?_DelayMs                   cstackCOMMON 00070
?_DelayS                    cstackCOMMON 00070
?_DisplayAmnt               cstackBANK0  00058
?_DisplayKerosene           cstackBANK0  00058
?_DisplayRise               cstackBANK0  00058
?_DisplayStock              cstackCOMMON 00070
?_DisplaySugar              cstackBANK0  00058
?_ISR                       cstackCOMMON 00070
?_LoadStockToArray          cstackCOMMON 00070
?_RFID_read                 cstackCOMMON 00070
?_ReadAmnt                  cstackCOMMON 00070
?_ReadStock                 cstackCOMMON 00070
?_SendStock                 cstackCOMMON 00070
?_SoftWareUart_Init         cstackCOMMON 00070
?___awdiv                   cstackBANK0  0004F
?___awmod                   cstackBANK0  00048
?___lwdiv                   cstackBANK0  0004E
?___lwmod                   cstackBANK0  00048
?___wmul                    cstackBANK0  0004C
?_eeprom_read               cstackCOMMON 00070
?_eeprom_write              cstackBANK0  00058
?_enable                    cstackCOMMON 00070
?_gsm_init                  cstackCOMMON 00070
?_gsm_read_line2            cstackCOMMON 00070
?_lcd_init                  cstackCOMMON 00070
?_lcdcmd                    cstackCOMMON 00070
?_lcddata                   cstackCOMMON 00070
?_lcdport                   cstackCOMMON 00070
?_lcdstring                 cstackBANK0  0004F
?_main                      cstackCOMMON 00070
?_memcmp                    cstackBANK0  00048
?_paramter                  cstackCOMMON 00070
?_receive                   cstackCOMMON 00070
?_softreceive               cstackCOMMON 00070
?_startup                   cstackCOMMON 00070
?_strcmp                    cstackBANK0  00048
?_transmit                  cstackCOMMON 00070
?_uart_init                 cstackCOMMON 00070
?_usartstring               cstackBANK0  00049
?i1_receive                 cstackCOMMON 00070
DelayMs@cnt                 cstackBANK0  00049
DelayMs@i                   cstackBANK0  0004A
DelayS@cnt                  cstackBANK0  0004C
DelayS@i                    cstackBANK0  0004D
DisplayAmnt@Amnt            cstackBANK0  00058
DisplayAmnt@Location        cstackBANK0  0005C
DisplayKerosene@Kerosene    cstackBANK0  00058
DisplayKerosene@Location    cstackBANK0  0005B
DisplayRise@Location        cstackBANK0  0005B
DisplayRise@Rise            cstackBANK0  00058
DisplaySugar@Location       cstackBANK0  0005B
DisplaySugar@Sugar          cstackBANK0  00058
RFID_read@i                 cstackBANK0  0004D
SendStock@d                 cstackBANK0  0004B
_ANSEL                      (abs)        00188
_ANSELH                     (abs)        00189
_CARRY                      (abs)        00018
_CREN                       (abs)        000C4
_DelayMs                    text931      013F1
_DelayS                     text917      01411
_DisplayAmnt                text902      0070A
_DisplayAmnt$1137           cstackBANK0  0005A
_DisplayKerosene            text899      0086C
_DisplayRise                text900      00818
_DisplayStock               text897      00A3B
_DisplaySugar               text901      017AC
_EEADR                      (abs)        0010D
_EECON1                     (abs)        0018C
_EECON2                     (abs)        0018D
_EEDATA                     (abs)        0010C
_GIE                        (abs)        0005F
_INTCON                     (abs)        0000B
_ISR                        text932      013BE
_KeroseneArray              bssBANK0     00040
_KeroseneStock              bssBANK0     00020
_LoadStockToArray           text909      00E12
_LoadStockToArray$1138      cstackBANK0  00057
_OERR                       (abs)        000C1
_PIE1                       (abs)        0008C
_PORTC                      (abs)        00007
_PORTD                      (abs)        00008
_RC0                        (abs)        00038
_RC1                        (abs)        00039
_RC3                        (abs)        0003B
_RC4                        (abs)        0003C
_RCIF                       (abs)        00065
_RCREG                      (abs)        0001A
_RCSTA                      (abs)        00018
_RD                         (abs)        00C60
_RD0                        (abs)        00040
_RD1                        (abs)        00041
_RD2                        (abs)        00042
_RD3                        (abs)        00043
_RD4                        (abs)        00044
_RD5                        (abs)        00045
_RD6                        (abs)        00046
_RD7                        (abs)        00047
_RFID_read                  text906      015C7
_ReadAmnt                   text912      00C47
_ReadStock                  text911      01713
_RiseArray                  bssBANK0     0003B
_RiseStock                  bssBANK0     00022
_SPBRG                      (abs)        00099
_SendStock                  text905      00B9B
_SoftWareUart_Init          text915      01378
_SugarArray                 bssBANK0     00044
_SugarStock                 bssBANK0     00024
_TRISC                      (abs)        00087
_TRISD                      (abs)        00088
_TRISD0                     (abs)        00440
_TRISD1                     (abs)        00441
_TXIF                       (abs)        00064
_TXREG                      (abs)        00019
_TXSTA                      (abs)        00098
_User                       bssBANK0     00026
_User1                      dataBANK0    00062
_User1Kerosene              bssBANK0     00032
_User1Rise                  bssBANK0     00033
_User1Sugar                 bssBANK0     00034
_User1amt                   bssBANK0     00028
_User2                      dataBANK1    000D2
_User2Kerosene              bssBANK0     00035
_User2Rise                  bssBANK0     00036
_User2Sugar                 bssBANK0     00037
_User2amt                   bssBANK0     0002A
_User3                      dataBANK1    000DF
_User3Kerosene              bssBANK0     00038
_User3Rise                  bssBANK0     00039
_User3Sugar                 bssBANK0     0003A
_User3amt                   bssBANK0     0002C
_WR                         (abs)        00C61
_WREN                       (abs)        00C62
__Babs1                     abs1         04240
__Bbank0                    bank0        04240
__Bbank1                    bank1        04240
__Bbank2                    bank2        04240
__Bbank3                    bank3        04240
__BbitbssCOMMON             bitbssCOMMON 04240
__BbssBANK0                 bssBANK0     04240
__BbssBANK1                 bssBANK1     04240
__BbssCOMMON                bssCOMMON    04240
__Bcinit                    cinit        04240
__Bclrtext                  clrtext      04240
__Bcode                     code         04240
__Bcommon                   common       04240
__BcstackBANK0              cstackBANK0  04240
__BcstackCOMMON             cstackCOMMON 04240
__BdataBANK0                dataBANK0    04240
__BdataBANK1                dataBANK1    04240
__BdataCOMMON               dataCOMMON   04240
__Beeprom_data              eeprom_data  02100
__Binittext                 inittext     04240
__Bmaintext                 maintext     04240
__Bram                      ram          04240
__Bsfr0                     sfr0         04240
__Bsfr1                     sfr1         04240
__Bsfr2                     sfr2         04240
__Bsfr3                     sfr3         04240
__Bstrings                  strings      04240
__Btext                     text         04240
__Habs1                     abs1         00040
__Hbank0                    bank0        00040
__Hbank1                    bank1        00040
__Hbank2                    bank2        00040
__Hbank3                    bank3        00040
__HbitbssCOMMON             bitbssCOMMON 21200
__HbssBANK0                 bssBANK0     00040
__HbssBANK1                 bssBANK1     00040
__HbssCOMMON                bssCOMMON    00040
__Hcinit                    cinit        00040
__Hclrtext                  clrtext      00040
__Hcode                     code         00040
__Hcommon                   common       00040
__Hconfig                   config       02008
__HcstackBANK0              cstackBANK0  00040
__HcstackCOMMON             cstackCOMMON 00040
__HdataBANK0                dataBANK0    00040
__HdataBANK1                dataBANK1    00040
__HdataCOMMON               dataCOMMON   00040
__Heeprom_data              eeprom_data  00020
__Hend_init                 end_init     00015
__Hfunctab                  functab      00000
__HidataBANK0               idataBANK0   04240
__HidataBANK1               idataBANK1   04240
__HidataCOMMON              idataCOMMON  04240
__Hidloc                    idloc        00000
__Hinit                     init         00012
__Hinittext                 inittext     00040
__Hintentry                 intentry     00012
__Hmaintext                 maintext     00040
__Hpowerup                  powerup      00000
__Hram                      ram          00040
__Hreset_vec                reset_vec    00003
__Hsfr0                     sfr0         00040
__Hsfr1                     sfr1         00040
__Hsfr2                     sfr2         00040
__Hsfr3                     sfr3         00040
__Hstrings                  strings      00040
__Hstringtext               stringtext   04240
__Htext                     text         00040
__Labs1                     abs1         00040
__Lbank0                    bank0        00040
__Lbank1                    bank1        00040
__Lbank2                    bank2        00040
__Lbank3                    bank3        00040
__LbitbssCOMMON             bitbssCOMMON 21200
__LbssBANK0                 bssBANK0     00040
__LbssBANK1                 bssBANK1     00040
__LbssCOMMON                bssCOMMON    00040
__Lcinit                    cinit        00040
__Lclrtext                  clrtext      00040
__Lcode                     code         00040
__Lcommon                   common       00040
__Lconfig                   config       02007
__LcstackBANK0              cstackBANK0  00040
__LcstackCOMMON             cstackCOMMON 00040
__LdataBANK0                dataBANK0    00040
__LdataBANK1                dataBANK1    00040
__LdataCOMMON               dataCOMMON   00040
__Leeprom_data              eeprom_data  00000
__Lend_init                 end_init     00012
__Lfunctab                  functab      00000
__LidataBANK0               idataBANK0   04240
__LidataBANK1               idataBANK1   04240
__LidataCOMMON              idataCOMMON  04240
__Lidloc                    idloc        00000
__Linit                     init         00012
__Linittext                 inittext     00040
__Lintentry                 intentry     00004
__Lmaintext                 maintext     00040
__Lpowerup                  powerup      00000
__Lram                      ram          00040
__Lreset_vec                reset_vec    00000
__Lsfr0                     sfr0         00040
__Lsfr1                     sfr1         00040
__Lsfr2                     sfr2         00040
__Lsfr3                     sfr3         00040
__Lstrings                  strings      00040
__Lstringtext               stringtext   04240
__Ltext                     text         00040
__S0                        (abs)        02008
__S1                        (abs)        000EC
__S2                        (abs)        02120
___awdiv                    text919      00B20
___awdiv@counter            cstackBANK0  00054
___awdiv@dividend           cstackBANK0  00051
___awdiv@divisor            cstackBANK0  0004F
___awdiv@quotient           cstackBANK0  00056
___awdiv@sign               cstackBANK0  00055
___awmod                    text918      009CF
___awmod@counter            cstackBANK0  0004D
___awmod@dividend           cstackBANK0  0004A
___awmod@divisor            cstackBANK0  00048
___awmod@sign               cstackBANK0  0004E
___lwdiv                    text921      0175A
___lwdiv@counter            cstackBANK0  00055
___lwdiv@dividend           cstackBANK0  00050
___lwdiv@divisor            cstackBANK0  0004E
___lwdiv@quotient           cstackBANK0  00053
___lwmod                    text920      016CD
___lwmod@counter            cstackBANK0  0004D
___lwmod@dividend           cstackBANK0  0004A
___lwmod@divisor            cstackBANK0  00048
___wmul                     text922      014FE
___wmul@multiplicand        cstackBANK0  0004E
___wmul@multiplier          cstackBANK0  0004C
___wmul@product             cstackBANK0  00050
__end_of_DelayMs            text931      01411
__end_of_DelayS             text917      01431
__end_of_DisplayAmnt        text902      007FF
__end_of_DisplayKerosene    text899      008C0
__end_of_DisplayRise        text900      0086C
__end_of_DisplayStock       text897      00AAA
__end_of_DisplaySugar       text901      01800
__end_of_ISR                text932      013D7
__end_of_LoadStockToArray   text909      01000
__end_of_RFID_read          text906      01604
__end_of_ReadAmnt           text912      00D29
__end_of_ReadStock          text911      0175A
__end_of_SendStock          text905      00C47
__end_of_SoftWareUart_Init  text915      01389
__end_of___awdiv            text919      00B9B
__end_of___awmod            text918      00A3B
__end_of___lwdiv            text921      017AC
__end_of___lwmod            text920      01713
__end_of___wmul             text922      0152C
__end_of_eeprom_read        text927      0147B
__end_of_eeprom_write       text924      015C7
__end_of_enable             text916      01378
__end_of_gsm_init           text898      00E12
__end_of_gsm_read_line2     text933      016CD
__end_of_lcd_init           text904      009CF
__end_of_lcdcmd             text908      0155A
__end_of_lcddata            text907      0158C
__end_of_lcdport            text930      01452
__end_of_lcdstring          text903      014FE
__end_of_main               maintext     0070A
__end_of_memcmp             text923      0096B
__end_of_paramter           text910      00915
__end_of_receive            text929      013BE
__end_of_softreceive        text914      01687
__end_of_startup            text896      00B20
__end_of_strcmp             text925      014A6
__end_of_transmit           text928      01359
__end_of_uart_init          text926      00818
__end_of_usartstring        text913      014D2
__end_ofi1_receive          text934      013AC
__pbitbssCOMMON             bitbssCOMMON 003D8
__pbssBANK0                 bssBANK0     00020
__pbssBANK1                 bssBANK1     000A0
__pbssCOMMON                bssCOMMON    00078
__pcstackBANK0              cstackBANK0  00048
__pcstackCOMMON             cstackCOMMON 00070
__pdataBANK0                dataBANK0    00060
__pdataBANK1                dataBANK1    000D2
__pdataCOMMON               dataCOMMON   0007C
__pidataBANK0               idataBANK0   01359
__pidataBANK1               idataBANK1   013D7
__pidataCOMMON              idataCOMMON  00800
__pintentry                 intentry     00004
__pmaintext                 maintext     00015
__pstringtext               stringtext   01800
__ptext896                  text896      00AAA
__ptext897                  text897      00A3B
__ptext898                  text898      00D29
__ptext899                  text899      0086C
__ptext900                  text900      00818
__ptext901                  text901      017AC
__ptext902                  text902      0070A
__ptext903                  text903      014D2
__ptext904                  text904      0096B
__ptext905                  text905      00B9B
__ptext906                  text906      015C7
__ptext907                  text907      0155A
__ptext908                  text908      0152C
__ptext909                  text909      00E12
__ptext910                  text910      008C0
__ptext911                  text911      01713
__ptext912                  text912      00C47
__ptext913                  text913      014A6
__ptext914                  text914      01643
__ptext915                  text915      01378
__ptext916                  text916      01368
__ptext917                  text917      01411
__ptext918                  text918      009CF
__ptext919                  text919      00B20
__ptext920                  text920      016CD
__ptext921                  text921      0175A
__ptext922                  text922      014FE
__ptext923                  text923      00915
__ptext924                  text924      0158C
__ptext925                  text925      0147B
__ptext926                  text926      00802
__ptext927                  text927      01452
__ptext928                  text928      0134D
__ptext929                  text929      013AC
__ptext930                  text930      01431
__ptext931                  text931      013F1
__ptext932                  text932      013BE
__ptext933                  text933      01687
__ptext934                  text934      0139A
__ptext935                  text935      00000
__size_of_DelayMs           (abs)        00000
__size_of_DelayS            (abs)        00000
__size_of_DisplayAmnt       (abs)        00000
__size_of_DisplayKerosene   (abs)        00000
__size_of_DisplayRise       (abs)        00000
__size_of_DisplayStock      (abs)        00000
__size_of_DisplaySugar      (abs)        00000
__size_of_ISR               (abs)        00000
__size_of_LoadStockToArray  (abs)        00000
__size_of_RFID_read         (abs)        00000
__size_of_ReadAmnt          (abs)        00000
__size_of_ReadStock         (abs)        00000
__size_of_SendStock         (abs)        00000
__size_of_SoftWareUart_Init (abs)        00000
__size_of___awdiv           (abs)        00000
__size_of___awmod           (abs)        00000
__size_of___lwdiv           (abs)        00000
__size_of___lwmod           (abs)        00000
__size_of___wmul            (abs)        00000
__size_of_eeprom_read       (abs)        00000
__size_of_eeprom_write      (abs)        00000
__size_of_enable            (abs)        00000
__size_of_gsm_init          (abs)        00000
__size_of_gsm_read_line2    (abs)        00000
__size_of_lcd_init          (abs)        00000
__size_of_lcdcmd            (abs)        00000
__size_of_lcddata           (abs)        00000
__size_of_lcdport           (abs)        00000
__size_of_lcdstring         (abs)        00000
__size_of_main              (abs)        00000
__size_of_memcmp            (abs)        00000
__size_of_paramter          (abs)        00000
__size_of_receive           (abs)        00000
__size_of_softreceive       (abs)        00000
__size_of_startup           (abs)        00000
__size_of_strcmp            (abs)        00000
__size_of_transmit          (abs)        00000
__size_of_uart_init         (abs)        00000
__size_of_usartstring       (abs)        00000
__size_ofi1_receive         (abs)        00000
_a                          stringtext   01812
_c1                         bssBANK0     0002E
_c1bal                      dataCOMMON   0007C
_c2                         bssBANK0     00030
_c2bal                      dataBANK0    00060
_card_store                 bssBANK1     000C3
_delayus_variable           bssCOMMON    00078
_digit                      stringtext   0181D
_eeprom_read                text927      01452
_eeprom_write               text924      0158C
_enable                     text916      01368
_exit                       init         00012
_gsm_init                   text898      00D29
_gsm_read_line2             text933      01687
_i                          bssCOMMON    00079
_j                          bssCOMMON    0007A
_k                          bssBANK1     000A0
_lcd_init                   text904      0096B
_lcdcmd                     text908      0152C
_lcddata                    text907      0155A
_lcdport                    text930      01431
_lcdstring                  text903      014D2
_main                       maintext     00015
_memcmp                     text923      00915
_paramter                   text910      008C0
_receive                    text929      013AC
_rfid_flag                  bitbssCOMMON 003D8
_sms                        bssBANK1     000AF
_sms_indication             bitbssCOMMON 003D9
_softreceive                text914      01643
_startup                    text896      00AAA
_strcmp                     text925      0147B
_transmit                   text928      0134D
_uart_init                  text926      00802
_usartstring                text913      014A6
btemp                       (abs)        0007E
clear_ram                   clrtext      01345
eeprom_read@addr            cstackBANK0  0004B
eeprom_write@addr           cstackBANK0  0005A
eeprom_write@value          cstackBANK0  00058
end_of_initialization       cinit        0163F
gsm_init@d                  cstackBANK0  00051
gsm_read_line2@buffer       cstackCOMMON 00072
gsm_read_line2@flag         cstackCOMMON 00071
gsm_read_line2@rec_data     cstackCOMMON 00073
i1_receive                  text934      0139A
init_fetch                  inittext     01389
init_ram                    inittext     0138D
interrupt_function          intentry     00004
intlevel0                   functab      00000
intlevel1                   functab      00000
intlevel2                   functab      00000
intlevel3                   functab      00000
intlevel4                   functab      00000
intlevel5                   functab      00000
lcdcmd@a                    cstackBANK0  0004E
lcdcmd@y                    cstackBANK0  0004C
lcdcmd@z                    cstackBANK0  0004D
lcddata@a                   cstackBANK0  0004E
lcddata@y                   cstackBANK0  0004C
lcddata@z                   cstackBANK0  0004D
lcdport@a                   cstackBANK0  00048
lcdstring@a                 cstackBANK0  0004F
memcmp@n                    cstackBANK0  0004B
memcmp@s1                   cstackBANK0  00048
memcmp@s2                   cstackBANK0  0004A
reset_vec                   reset_vec    00000
saved_w                     (abs)        0007E
softreceive@Data            cstackBANK0  0004A
softreceive@mask            cstackBANK0  0004B
start                       init         00012
start_initialization        cinit        01604
strcmp@r                    cstackBANK0  0004C
strcmp@s1                   cstackBANK0  0004D
strcmp@s2                   cstackBANK0  00048
transmit@data               cstackBANK0  00048
usartstring@st              cstackBANK0  00049
wtemp0                      (abs)        0007E
