HI-TECH Software C Compiler 

Linker command line:

--edf=C:\Program Files (x86)\HI-TECH Software\PICC\9.80\dat\en_msgs.txt -cs \
  -h+RationCard.sym -z -Q16F887 -ol.obj -MRationCard.map -E1 \
  -ACONST=00h-0FFhx32 -ACODE=00h-07FFhx4 -ASTRCODE=00h-01FFFh \
  -AENTRY=00h-0FFhx32 -ASTRING=00h-0FFhx32 -ABANK0=020h-06Fh \
  -ABANK1=0A0h-0EFh -ABANK2=0110h-016Fh -ABANK3=0190h-01EFh \
  -ARAM=020h-06Fh,0A0h-0EFh,0110h-016Fh,0190h-01EFh \
  -AABS1=020h-07Fh,0A0h-0EFh,0110h-016Fh,0190h-01EFh -ACOMMON=070h-07Fh \
  -ASFR0=00h-01Fh -ASFR1=080h-09Fh -ASFR2=0100h-010Fh -ASFR3=0180h-018Fh \
  -preset_vec=00h,intentry=04h,init,end_init -ppowerup=CODE -pfunctab=CODE \
  -ACONFIG=02007h-02008h -pconfig=CONFIG -DCONFIG=2 -AIDLOC=02000h-02003h \
  -pidloc=IDLOC -DIDLOC=2 -AEEDATA=00h-0FFh/02100h -peeprom_data=EEDATA \
  -DEEDATA=2 -DCODE=2 -DSTRCODE=2 -DSTRING=2 -DCONST=2 -DENTRY=2 -k \
  startup.obj RationCard.obj 

Object code version is 3.10

Machine type is 16F887



                Name                               Link     Load   Length Selector   Space Scale
startup.obj     end_init                              E        E        3        8       0
                reset_vec                             0        0        3        0       0
RationCard.obj  intentry                              4        4        A        8       0
                eeprom_data                           0     2100       20     4200       2
                config                             2007     2007        1     400E       0
                text997                             D33      D33       39     1A66       0
                text994                             C78      C78       10     18F0       0
                text993                             C99      C99       1E     1932       0
                text992                             CB7      CB7       1F     196E       0
                text991                             CFD      CFD       36     19FA       0
                text982                             C6A      C6A        E     18D4       0
                text978                             DAE      DAE       F2     1B5C       0
                text977                             EA0      EA0      160     1D40       0
                text974                             D6C      D6C       42     1AD8       0
                text968                             4DD      4DD      301        8       0
                maintext                             11       11      4CC        8       0
                cstackBANK0                          53       53       16       20       1
                cstackCOMMON                         70       70        6       70       1
                inittext                            C88      C88       11     1910       0
                clrtext                             C62      C62        8     18C4       0
                dataBANK1                            A0       A0       27       A0       1
                bssBANK1                             C7       C7       14       A0       1
                bssBANK0                             20       20       33       20       1
                bssCOMMON                            77       77        1       70       1
                bitbssCOMMON                        3B0       76        2       70       1     8
                cinit                               7DE      7DE       22        8       0
                stringtext                         1000     1000      2AF       20       0
                idataBANK1                          CD6      CD6       27     19AC       0

TOTAL           Name                               Link     Load   Length     Space
        CLASS   CONST          

        CLASS   CODE           
                end_init                              E        E        3         0
                intentry                              4        4        A         0
                reset_vec                             0        0        3         0
                text997                             D33      D33       39         0
                text994                             C78      C78       10         0
                text993                             C99      C99       1E         0
                text992                             CB7      CB7       1F         0
                text991                             CFD      CFD       36         0
                text982                             C6A      C6A        E         0
                text978                             DAE      DAE       F2         0
                text977                             EA0      EA0      160         0
                text974                             D6C      D6C       42         0
                text968                             4DD      4DD      301         0
                maintext                             11       11      4CC         0
                inittext                            C88      C88       11         0
                clrtext                             C62      C62        8         0
                cinit                               7DE      7DE       22         0
                idataBANK1                          CD6      CD6       27         0

        CLASS   STRCODE        
                stringtext                         1000     1000      2AF         0

        CLASS   ENTRY          

        CLASS   STRING         

        CLASS   BANK0          
                cstackBANK0                          53       53       16         1
                bssBANK0                             20       20       33         1

        CLASS   BANK1          
                dataBANK1                            A0       A0       27         1
                bssBANK1                             C7       C7       14         1

        CLASS   BANK2          

        CLASS   BANK3          

        CLASS   RAM            

        CLASS   ABS1           
                abs_s1                               7E       7E        2         1

        CLASS   COMMON         
                cstackCOMMON                         70       70        6         1
                bssCOMMON                            77       77        1         1
                bitbssCOMMON                        3B0       76        2         1

        CLASS   SFR0           

        CLASS   SFR1           

        CLASS   SFR2           

        CLASS   SFR3           

        CLASS   CONFIG         
                config                             2007     2007        1         0

        CLASS   IDLOC          

        CLASS   EEDATA         
                eeprom_data                           0     2100       20         2



SEGMENTS        Name                           Load    Length   Top    Selector   Space  Class     Delta

                reset_vec                      000000  000003  000003         0       0  CODE        2
                intentry                       000004  0007FC  000800         8       0  CODE        2
                bssBANK0                       000020  000049  000069        20       1  BANK0       1
                cstackCOMMON                   000070  000008  000078        70       1  COMMON      1
                dataBANK1                      0000A0  00003B  0000DB        A0       1  BANK1       1
                clrtext                        000C62  000008  000C6A      18C4       0  CODE        2
                text982                        000C6A  00000E  000C78      18D4       0  CODE        2
                text994                        000C78  000010  000C88      18F0       0  CODE        2
                inittext                       000C88  000011  000C99      1910       0  CODE        2
                text993                        000C99  00001E  000CB7      1932       0  CODE        2
                text992                        000CB7  00001F  000CD6      196E       0  CODE        2
                idataBANK1                     000CD6  000027  000CFD      19AC       0  CODE        2
                text991                        000CFD  000036  000D33      19FA       0  CODE        2
                text997                        000D33  000039  000D6C      1A66       0  CODE        2
                text974                        000D6C  000042  000DAE      1AD8       0  CODE        2
                text978                        000DAE  0000F2  000EA0      1B5C       0  CODE        2
                text977                        000EA0  000160  001000      1D40       0  CODE        2
                stringtext                     001000  0002AF  0012AF        20       0  STRCODE     2
                config                         002007  000001  002008      400E       0  CONFIG      2
                eeprom_data                    002100  000020  002120      4200       2  EEDATA      2


UNUSED ADDRESS RANGES

        Name                Unused          Largest block    Delta
        BANK0            00069-0006F               7           1
        BANK1            000DB-000EF              15           1
        BANK2            00110-0016F              60           1
        BANK3            00190-001EF              60           1
        CODE             00003-00003               1           2
                         00800-00C61             462
                         012AF-01FFF             551
        COMMON           00078-0007D               6           1
        CONFIG           02008-02008               1           2
        CONST            00003-00003               1           2
                         00800-00C61             100
                         012AF-01FFF             100
        EEDATA           02120-021FF              E0           2
        ENTRY            00003-00003               1           2
                         00800-00C61             100
                         012AF-01FFF             100
        IDLOC            02000-02003               4           2
        RAM              00069-0006F               7           1
                         000DB-000EF              15
                         00110-0016F              60
                         00190-001EF              60
        SFR0             00000-0001F              20           1
        SFR1             00080-0009F              20           1
        SFR2             00100-0010F              10           1
        SFR3             00180-0018F              10           1
        STRCODE          00003-00003               1           2
                         00800-00C61             462
                         012AF-01FFF             D51
        STRING           00003-00003               1           2
                         00800-00C61             100
                         012AF-01FFF             100

                                  Symbol Table

??_DisplayAmnt              cstackCOMMON 00076
??_DisplayKerosene          cstackCOMMON 00076
??_DisplayRise              cstackCOMMON 00076
??_DisplayStock             cstackCOMMON 00076
??_DisplaySugar             cstackCOMMON 00076
??_ISR                      cstackCOMMON 00073
??_LoadStockToArray         cstackCOMMON 00076
??_RFID_read                cstackCOMMON 00076
??_ReadAmnt                 cstackCOMMON 00076
??_ReadStock                cstackCOMMON 00076
??_SoftWareUart_Init        cstackBANK0  00053
??___awdiv                  cstackCOMMON 00076
??___awmod                  cstackCOMMON 00076
??___lbdiv                  cstackCOMMON 00076
??___lbmod                  cstackBANK0  00054
??___lwdiv                  cstackCOMMON 00076
??___lwmod                  cstackCOMMON 00076
??___wmul                   cstackCOMMON 00076
??_eeprom_read              cstackBANK0  00053
??_eeprom_write             cstackCOMMON 00076
??_enable                   cstackBANK0  00053
??_gsm_read_line2           cstackCOMMON 00070
??_lcd_init                 cstackBANK0  00058
??_lcdcmd                   cstackCOMMON 00076
??_lcddata                  cstackCOMMON 00076
??_lcdport                  cstackCOMMON 00076
??_lcdstring                cstackCOMMON 00076
??_main                     cstackBANK0  00066
??_memcmp                   cstackBANK0  00058
??_paramter                 cstackCOMMON 00076
??_receive                  cstackCOMMON 00070
??_softreceive              cstackBANK0  00053
??_startup                  cstackBANK0  0005A
??_strcmp                   cstackBANK0  00055
??_uart_init                cstackCOMMON 00076
?_DisplayAmnt               cstackBANK0  00061
?_DisplayKerosene           cstackBANK0  00058
?_DisplayRise               cstackBANK0  00058
?_DisplayStock              cstackCOMMON 00070
?_DisplaySugar              cstackBANK0  00058
?_ISR                       cstackCOMMON 00070
?_LoadStockToArray          cstackCOMMON 00070
?_RFID_read                 cstackCOMMON 00070
?_ReadAmnt                  cstackCOMMON 00070
?_ReadStock                 cstackCOMMON 00070
?_SoftWareUart_Init         cstackCOMMON 00070
?___awdiv                   cstackBANK0  00059
?___awmod                   cstackBANK0  00053
?___lbdiv                   cstackBANK0  00053
?___lbmod                   cstackBANK0  00053
?___lwdiv                   cstackBANK0  00058
?___lwmod                   cstackBANK0  00053
?___wmul                    cstackBANK0  00056
?_eeprom_read               cstackCOMMON 00070
?_eeprom_write              cstackBANK0  00061
?_enable                    cstackCOMMON 00070
?_gsm_read_line2            cstackCOMMON 00070
?_lcd_init                  cstackCOMMON 00070
?_lcdcmd                    cstackCOMMON 00070
?_lcddata                   cstackCOMMON 00070
?_lcdport                   cstackCOMMON 00070
?_lcdstring                 cstackBANK0  00058
?_main                      cstackCOMMON 00070
?_memcmp                    cstackBANK0  00053
?_paramter                  cstackCOMMON 00070
?_receive                   cstackCOMMON 00070
?_softreceive               cstackCOMMON 00070
?_startup                   cstackCOMMON 00070
?_strcmp                    cstackBANK0  00053
?_uart_init                 cstackCOMMON 00070
DisplayAmnt@Amnt            cstackBANK0  00061
DisplayAmnt@Location        cstackBANK0  00063
DisplayKerosene@Kerosene    cstackBANK0  00058
DisplayKerosene@Location    cstackBANK0  00059
DisplayRise@Location        cstackBANK0  00059
DisplayRise@Rise            cstackBANK0  00058
DisplaySugar@Location       cstackBANK0  00059
DisplaySugar@Sugar          cstackBANK0  00058
RFID_read@i                 cstackBANK0  00056
_ANSEL                      (abs)        00188
_ANSELH                     (abs)        00189
_CARRY                      (abs)        00018
_CREN                       (abs)        000C4
_DisplayAmnt                text968      0065A
_DisplayAmnt$1136           cstackBANK0  00064
_DisplayKerosene            text968      004DD
_DisplayRise                text968      00501
_DisplayStock               text968      00549
_DisplaySugar               text968      00525
_EEADR                      (abs)        0010D
_EECON1                     (abs)        0018C
_EECON2                     (abs)        0018D
_EEDATA                     (abs)        0010C
_GIE                        (abs)        0005F
_INTCON                     (abs)        0000B
_ISR                        text997      00D33
_KeroseneArray              bssBANK0     0004B
_KeroseneStock              bssBANK0     00020
_LoadStockToArray           text977      00EA0
_LoadStockToArray$1137      cstackBANK0  0005F
_OERR                       (abs)        000C1
_PIE1                       (abs)        0008C
_PORTC                      (abs)        00007
_PORTD                      (abs)        00008
_RC0                        (abs)        00038
_RC1                        (abs)        00039
_RC3                        (abs)        0003B
_RC4                        (abs)        0003C
_RCIF                       (abs)        00065
_RCREG                      (abs)        0001A
_RCSTA                      (abs)        00018
_RD                         (abs)        00C60
_RD0                        (abs)        00040
_RD1                        (abs)        00041
_RD2                        (abs)        00042
_RD3                        (abs)        00043
_RD4                        (abs)        00044
_RD5                        (abs)        00045
_RD6                        (abs)        00046
_RD7                        (abs)        00047
_RFID_read                  text974      00D6C
_ReadAmnt                   text978      00DEB
_ReadStock                  text978      00DC8
_RiseArray                  bssBANK0     00046
_RiseStock                  bssBANK0     00022
_SPBRG                      (abs)        00099
_SoftWareUart_Init          text982      00C6A
_SugarArray                 bssBANK0     0004F
_SugarStock                 bssBANK0     00024
_TRISC                      (abs)        00087
_TRISD                      (abs)        00088
_TRISD0                     (abs)        00440
_TRISD1                     (abs)        00441
_TXSTA                      (abs)        00098
_User                       bssBANK0     00026
_User1                      dataBANK1    000A0
_User1Kerosene              bssBANK0     0002E
_User1Rise                  bssBANK0     0002F
_User1Sugar                 bssBANK0     00030
_User1amt                   bssBANK0     00028
_User2                      dataBANK1    000AD
_User2Kerosene              bssBANK0     00031
_User2Rise                  bssBANK0     00032
_User2Sugar                 bssBANK0     00033
_User2amt                   bssBANK0     0002A
_User3                      dataBANK1    000BA
_User3Kerosene              bssBANK0     00034
_User3Rise                  bssBANK0     00035
_User3Sugar                 bssBANK0     00036
_User3amt                   bssBANK0     0002C
_WR                         (abs)        00C61
_WREN                       (abs)        00C62
__Babs1                     abs1         04240
__Bbank0                    bank0        04240
__Bbank1                    bank1        04240
__Bbank2                    bank2        04240
__Bbank3                    bank3        04240
__BbitbssCOMMON             bitbssCOMMON 04240
__BbssBANK0                 bssBANK0     04240
__BbssBANK1                 bssBANK1     04240
__BbssCOMMON                bssCOMMON    04240
__Bcinit                    cinit        04240
__Bclrtext                  clrtext      04240
__Bcode                     code         04240
__Bcommon                   common       04240
__BcstackBANK0              cstackBANK0  04240
__BcstackCOMMON             cstackCOMMON 04240
__BdataBANK1                dataBANK1    04240
__Beeprom_data              eeprom_data  02100
__Binittext                 inittext     04240
__Bmaintext                 maintext     04240
__Bpa_nodes                 pa_nodes     04240
__Bram                      ram          04240
__Bsfr0                     sfr0         04240
__Bsfr1                     sfr1         04240
__Bsfr2                     sfr2         04240
__Bsfr3                     sfr3         04240
__Bstrings                  strings      04240
__Btext                     text         04240
__Habs1                     abs1         00040
__Hbank0                    bank0        00040
__Hbank1                    bank1        00040
__Hbank2                    bank2        00040
__Hbank3                    bank3        00040
__HbitbssCOMMON             bitbssCOMMON 21200
__HbssBANK0                 bssBANK0     00040
__HbssBANK1                 bssBANK1     00040
__HbssCOMMON                bssCOMMON    00040
__Hcinit                    cinit        00040
__Hclrtext                  clrtext      00040
__Hcode                     code         00040
__Hcommon                   common       00040
__Hconfig                   config       02008
__HcstackBANK0              cstackBANK0  00040
__HcstackCOMMON             cstackCOMMON 00040
__HdataBANK1                dataBANK1    00040
__Heeprom_data              eeprom_data  00020
__Hend_init                 end_init     00011
__Hfunctab                  functab      00000
__HidataBANK1               idataBANK1   04240
__Hidloc                    idloc        00000
__Hinit                     init         0000E
__Hinittext                 inittext     00040
__Hintentry                 intentry     0000E
__Hmaintext                 maintext     00040
__Hpa_nodes                 pa_nodes     00040
__Hpowerup                  powerup      00000
__Hram                      ram          00040
__Hreset_vec                reset_vec    00003
__Hsfr0                     sfr0         00040
__Hsfr1                     sfr1         00040
__Hsfr2                     sfr2         00040
__Hsfr3                     sfr3         00040
__Hstrings                  strings      00040
__Hstringtext               stringtext   04240
__Htext                     text         00040
__Labs1                     abs1         00040
__Lbank0                    bank0        00040
__Lbank1                    bank1        00040
__Lbank2                    bank2        00040
__Lbank3                    bank3        00040
__LbitbssCOMMON             bitbssCOMMON 21200
__LbssBANK0                 bssBANK0     00040
__LbssBANK1                 bssBANK1     00040
__LbssCOMMON                bssCOMMON    00040
__Lcinit                    cinit        00040
__Lclrtext                  clrtext      00040
__Lcode                     code         00040
__Lcommon                   common       00040
__Lconfig                   config       02007
__LcstackBANK0              cstackBANK0  00040
__LcstackCOMMON             cstackCOMMON 00040
__LdataBANK1                dataBANK1    00040
__Leeprom_data              eeprom_data  00000
__Lend_init                 end_init     0000E
__Lfunctab                  functab      00000
__LidataBANK1               idataBANK1   04240
__Lidloc                    idloc        00000
__Linit                     init         0000E
__Linittext                 inittext     00040
__Lintentry                 intentry     00004
__Lmaintext                 maintext     00040
__Lpa_nodes                 pa_nodes     00040
__Lpowerup                  powerup      00000
__Lram                      ram          00040
__Lreset_vec                reset_vec    00000
__Lsfr0                     sfr0         00040
__Lsfr1                     sfr1         00040
__Lsfr2                     sfr2         00040
__Lsfr3                     sfr3         00040
__Lstrings                  strings      00040
__Lstringtext               stringtext   04240
__Ltext                     text         00040
__S0                        (abs)        02008
__S1                        (abs)        000DB
__S2                        (abs)        02120
___awdiv                    text968      0072D
___awdiv@counter            cstackBANK0  0005D
___awdiv@dividend           cstackBANK0  0005B
___awdiv@divisor            cstackBANK0  00059
___awdiv@quotient           cstackBANK0  0005F
___awdiv@sign               cstackBANK0  0005E
___awmod                    text968      006D7
___awmod@counter            cstackBANK0  00057
___awmod@dividend           cstackBANK0  00055
___awmod@divisor            cstackBANK0  00053
___awmod@sign               cstackBANK0  00058
___lbdiv                    text968      00796
___lbdiv@counter            cstackBANK0  00055
___lbdiv@dividend           cstackBANK0  00054
___lbdiv@divisor            cstackBANK0  00053
___lbdiv@quotient           cstackBANK0  00056
___lbmod                    text968      007B1
___lbmod@counter            cstackBANK0  00056
___lbmod@dividend           cstackBANK0  00055
___lbmod@divisor            cstackBANK0  00053
___lbmod@rem                cstackBANK0  00057
___lwdiv                    text977      00FA2
___lwdiv@counter            cstackBANK0  0005E
___lwdiv@dividend           cstackBANK0  0005A
___lwdiv@divisor            cstackBANK0  00058
___lwdiv@quotient           cstackBANK0  0005C
___lwmod                    text977      00F7E
___lwmod@counter            cstackBANK0  00057
___lwmod@dividend           cstackBANK0  00055
___lwmod@divisor            cstackBANK0  00053
___wmul                     text978      00E80
___wmul@multiplicand        cstackBANK0  00058
___wmul@multiplier          cstackBANK0  00056
___wmul@product             cstackBANK0  0005A
__end_of_DisplayAmnt        text968      006D7
__end_of_DisplayKerosene    text968      00501
__end_of_DisplayRise        text968      00525
__end_of_DisplayStock       text968      0058B
__end_of_DisplaySugar       text968      00549
__end_of_ISR                text997      00D43
__end_of_LoadStockToArray   text977      00F7E
__end_of_RFID_read          text974      00D8A
__end_of_ReadAmnt           text978      00E62
__end_of_ReadStock          text978      00DEB
__end_of_SoftWareUart_Init  text982      00C78
__end_of___awdiv            text968      00772
__end_of___awmod            text968      00714
__end_of___lbdiv            text968      007B1
__end_of___lbmod            text968      007CD
__end_of___lwdiv            text977      00FCC
__end_of___lwmod            text977      00FA2
__end_of___wmul             text978      00E99
__end_of_eeprom_read        text978      00E80
__end_of_eeprom_write       text992      00CD6
__end_of_enable             text968      00796
__end_of_gsm_read_line2     text997      00D64
__end_of_lcd_init           text968      00626
__end_of_lcdcmd             text968      0063E
__end_of_lcddata            text968      0072D
__end_of_lcdport            text968      00788
__end_of_lcdstring          text968      0065A
__end_of_main               maintext     004DD
__end_of_memcmp             text991      00D33
__end_of_paramter           text978      00DC8
__end_of_receive            text997      00D6C
__end_of_softreceive        text974      00DAB
__end_of_startup            text968      005E1
__end_of_strcmp             text993      00CB7
__end_of_uart_init          text994      00C88
__pbitbssCOMMON             bitbssCOMMON 003B0
__pbssBANK0                 bssBANK0     00020
__pbssBANK1                 bssBANK1     000C7
__pbssCOMMON                bssCOMMON    00077
__pcstackBANK0              cstackBANK0  00053
__pcstackCOMMON             cstackCOMMON 00070
__pdataBANK1                dataBANK1    000A0
__pidataBANK1               idataBANK1   00CD6
__pintentry                 intentry     00004
__pmaintext                 maintext     00011
__pstringtext               stringtext   01000
__ptext1000                 text1000     00000
__ptext966                  text968      0058B
__ptext967                  text968      00549
__ptext968                  text968      004DD
__ptext969                  text968      00501
__ptext970                  text968      00525
__ptext971                  text968      0065A
__ptext972                  text968      0063E
__ptext973                  text968      005E1
__ptext974                  text974      00D6C
__ptext975                  text968      00714
__ptext976                  text968      00626
__ptext977                  text977      00EA0
__ptext978                  text978      00DAE
__ptext979                  text978      00DC8
__ptext980                  text978      00DEB
__ptext981                  text974      00D8A
__ptext982                  text982      00C6A
__ptext983                  text968      00788
__ptext984                  text968      006D7
__ptext985                  text968      0072D
__ptext986                  text968      007B1
__ptext987                  text968      00796
__ptext988                  text977      00F7E
__ptext989                  text977      00FA2
__ptext990                  text978      00E80
__ptext991                  text991      00CFD
__ptext992                  text992      00CB7
__ptext993                  text993      00C99
__ptext994                  text994      00C78
__ptext995                  text978      00E62
__ptext996                  text968      00772
__ptext997                  text997      00D33
__ptext998                  text997      00D43
__ptext999                  text997      00D64
__size_of_DisplayAmnt       (abs)        00000
__size_of_DisplayKerosene   (abs)        00000
__size_of_DisplayRise       (abs)        00000
__size_of_DisplayStock      (abs)        00000
__size_of_DisplaySugar      (abs)        00000
__size_of_ISR               (abs)        00000
__size_of_LoadStockToArray  (abs)        00000
__size_of_RFID_read         (abs)        00000
__size_of_ReadAmnt          (abs)        00000
__size_of_ReadStock         (abs)        00000
__size_of_SoftWareUart_Init (abs)        00000
__size_of___awdiv           (abs)        00000
__size_of___awmod           (abs)        00000
__size_of___lbdiv           (abs)        00000
__size_of___lbmod           (abs)        00000
__size_of___lwdiv           (abs)        00000
__size_of___lwmod           (abs)        00000
__size_of___wmul            (abs)        00000
__size_of_eeprom_read       (abs)        00000
__size_of_eeprom_write      (abs)        00000
__size_of_enable            (abs)        00000
__size_of_gsm_read_line2    (abs)        00000
__size_of_lcd_init          (abs)        00000
__size_of_lcdcmd            (abs)        00000
__size_of_lcddata           (abs)        00000
__size_of_lcdport           (abs)        00000
__size_of_lcdstring         (abs)        00000
__size_of_main              (abs)        00000
__size_of_memcmp            (abs)        00000
__size_of_paramter          (abs)        00000
__size_of_receive           (abs)        00000
__size_of_softreceive       (abs)        00000
__size_of_startup           (abs)        00000
__size_of_strcmp            (abs)        00000
__size_of_uart_init         (abs)        00000
_card_store                 bssBANK0     00037
_delayus_variable           bssCOMMON    00077
_digit                      stringtext   01012
_eeprom_read                text978      00E62
_eeprom_write               text992      00CB7
_enable                     text968      00788
_exit                       init         0000E
_gsm_read_line2             text997      00D43
_lcd_init                   text968      005E1
_lcdcmd                     text968      00626
_lcddata                    text968      00714
_lcdport                    text968      00772
_lcdstring                  text968      0063E
_main                       maintext     00011
_memcmp                     text991      00CFD
_paramter                   text978      00DAE
_receive                    text997      00D64
_rfid_flag                  bitbssCOMMON 003B0
_sms                        bssBANK1     000C7
_sms_indication             bitbssCOMMON 003B1
_softreceive                text974      00D8A
_startup                    text968      0058B
_strcmp                     text993      00C99
_uart_init                  text994      00C78
btemp                       (abs)        0007E
clear_ram                   clrtext      00C62
eeprom_read@addr            cstackBANK0  00055
eeprom_write@addr           cstackBANK0  00062
eeprom_write@value          cstackBANK0  00061
end_of_initialization       cinit        007FC
gsm_read_line2@buffer       cstackCOMMON 00071
gsm_read_line2@flag         cstackCOMMON 00070
gsm_read_line2@rec_data     cstackCOMMON 00072
i1l1018                                       
i1l1103                                       
i1l3208                                       
i1l3216                                       
i1l3220                                       
i1l3224                                       
i1l3228                                       
i1l3230                                       
i1l3236                                       
i1l3240                                       
init_fetch                  inittext     00C88
init_ram                    inittext     00C8C
interrupt_function          intentry     00004
intlevel0                   functab      00000
intlevel1                   functab      00000
intlevel2                   functab      00000
intlevel3                   functab      00000
intlevel4                   functab      00000
intlevel5                   functab      00000
l1116                                         
l1119                                         
l1122                                         
l1125                                         
l1128                                         
l1131                                         
l1134                                         
l1137                                         
l1140                                         
l1143                                         
l1146                                         
l1194                                         
l1213                                         
l1235                                         
l1247                                         
l1257                                         
l1267                                         
l1277                                         
l1283                                         
l1394                                         
l1462                                         
l3246                                         
l3248                                         
l3262                                         
l3264                                         
l3266                                         
l3270                                         
l3272                                         
l3274                                         
l3276                                         
l3296                                         
l3304                                         
l3306                                         
l3312                                         
l3314                                         
l3324                                         
l3328                                         
l3332                                         
l3400                                         
l3402                                         
l3406                                         
l3412                                         
l3416                                         
l3426                                         
l3430                                         
l3434                                         
l3438                                         
l4058                                         
l4072                                         
l4082                                         
l4098                                         
l4112                                         
l4118                                         
l4120                                         
l4122                                         
l4128                                         
l4132                                         
l4136                                         
l4142                                         
l4144                                         
l4148                                         
l4150                                         
l4156                                         
l4160                                         
l4162                                         
l4166                                         
l4186                                         
l4190                                         
l4198                                         
l4200                                         
l4202                                         
l4204                                         
l4206                                         
l4210                                         
l4218                                         
l4224                                         
l4230                                         
l4232                                         
l4234                                         
l4236                                         
l4238                                         
l4240                                         
l4242                                         
l4244                                         
l4246                                         
l4248                                         
l4250                                         
l4252                                         
l4254                                         
l4256                                         
l4258                                         
l4260                                         
l4262                                         
l4264                                         
l4266                                         
l4268                                         
l4270                                         
l4272                                         
l4274                                         
l4276                                         
l4278                                         
l4280                                         
l4282                                         
l4284                                         
l4286                                         
l4296                                         
l4298                                         
l4300                                         
l4302                                         
l4304                                         
l4306                                         
l4308                                         
l4310                                         
l4314                                         
l4318                                         
l4320                                         
l4322                                         
l4324                                         
l4326                                         
l4328                                         
l4330                                         
l4332                                         
l4334                                         
l4336                                         
l4338                                         
l4340                                         
l4342                                         
l4344                                         
l4346                                         
l4348                                         
l4350                                         
l4352                                         
l4354                                         
l4356                                         
l4358                                         
l4360                                         
l4362                                         
l4364                                         
l4366                                         
l4368                                         
l4370                                         
l4372                                         
l4374                                         
l4376                                         
l4378                                         
l4380                                         
l4382                                         
l4384                                         
l4386                                         
l4388                                         
l4390                                         
l4392                                         
l4394                                         
l4396                                         
l4398                                         
l4400                                         
l4404                                         
l4408                                         
l4410                                         
l4412                                         
l4414                                         
l4418                                         
l4420                                         
l4422                                         
l4442                                         
l4444                                         
l4446                                         
l4448                                         
l4450                                         
l4452                                         
l4454                                         
l4456                                         
l4458                                         
l4460                                         
l4462                                         
l4464                                         
l4466                                         
l4468                                         
l4470                                         
l4472                                         
l4474                                         
l4476                                         
l4478                                         
l4480                                         
l4482                                         
l4484                                         
l4486                                         
l4488                                         
l4492                                         
l4494                                         
l4498                                         
l4502                                         
l4504                                         
l4506                                         
l4508                                         
l4510                                         
l4512                                         
l4514                                         
l4516                                         
l4518                                         
l4520                                         
l4522                                         
l4524                                         
l4526                                         
l4528                                         
l4530                                         
l4532                                         
l4534                                         
l4536                                         
l4538                                         
l4540                                         
l4542                                         
l4544                                         
l4546                                         
l4548                                         
l4550                                         
l4552                                         
l4554                                         
l4562                                         
l4564                                         
l4566                                         
l4568                                         
l4570                                         
l4572                                         
l4574                                         
l4576                                         
l4578                                         
l4580                                         
l4582                                         
l4584                                         
l4586                                         
l4588                                         
l4590                                         
l4592                                         
l4594                                         
l4596                                         
l4598                                         
l4600                                         
l4602                                         
l4604                                         
l4606                                         
l4608                                         
l4610                                         
l4628                                         
l4630                                         
l4636                                         
l4644                                         
l951                                          
l965                                          
l968                                          
l974                                          
l980                                          
l989                                          
l998                                          
lcdcmd@a                    cstackBANK0  00057
lcdcmd@y                    cstackBANK0  00055
lcdcmd@z                    cstackBANK0  00056
lcddata@a                   cstackBANK0  00057
lcddata@y                   cstackBANK0  00055
lcddata@z                   cstackBANK0  00056
lcdport@a                   cstackBANK0  00053
lcdstring@a                 cstackBANK0  00058
memcmp@n                    cstackBANK0  00056
memcmp@s1                   cstackBANK0  00053
memcmp@s2                   cstackBANK0  00055
reset_vec                   reset_vec    00000
saved_w                     (abs)        0007E
softreceive@Data            cstackBANK0  00054
softreceive@mask            cstackBANK0  00055
start                       init         0000E
start_initialization        cinit        007DE
strcmp@r                    cstackBANK0  00057
strcmp@s1                   cstackBANK0  00058
strcmp@s2                   cstackBANK0  00053
wtemp0                      (abs)        0007E
